2026-08-19T08:14:50Z INF Thank you for trying Cloudflare Tunnel. Doing so, without a Cloudflare account, is a quick way to experiment and try it out. However, be aware that these account-less Tunnels have no uptime guarantee, are subject to the Cloudflare Online Services Terms of Use (https://www.cloudflare.com/website-terms/), and Cloudflare reserves the right to investigate your use of Tunnels for violations of such terms. If you intend to use Tunnels in production you should use a pre-created named tunnel by following: https://developers.cloudflare.com/cloudflare-one/connections/connect-apps
2026-08-19T08:14:50Z INF Requesting new quick Tunnel on trycloudflare.com...
2026-08-19T08:14:56Z INF +--------------------------------------------------------------------------------------------+
2026-08-19T08:14:56Z INF |  Your quick Tunnel has been created! Visit it at (it may take some time to be reachable):  |
2026-08-19T08:14:56Z INF |  https://earlier-campbell-monetary-beatles.trycloudflare.com                               |
2026-08-19T08:14:56Z INF +--------------------------------------------------------------------------------------------+
2026-08-19T08:14:56Z INF Version 2026.8.2 (Checksum c29eee2b121f5436a642eed69fd9767da7e7b8c510fa50aaa130337f931357b5)
2026-08-19T08:14:56Z INF GOOS: windows, GOVersion: go1.26.4, GoArch: amd64
2026-08-19T08:14:56Z INF Settings: map[cred-file:C:\Users\tncyb\.cloudflared\ede8e6ab-5c08-437f-8bdd-e3c16c47020a.json credentials-file:C:\Users\tncyb\.cloudflared\ede8e6ab-5c08-437f-8bdd-e3c16c47020a.json ha-connections:1 protocol:quic url:http://127.0.0.1:3002]
2026-08-19T08:14:56Z INF cloudflared will not automatically update on Windows systems.
2026-08-19T08:14:56Z INF Generated Connector ID: 2c27de91-57b6-4f3a-a1e2-a79d9e67ea9e
2026-08-19T08:14:56Z INF Initial protocol quic
2026-08-19T08:14:56Z INF ICMP proxy will use 192.168.216.163 as source for IPv4
2026-08-19T08:14:56Z INF ICMP proxy will use fd7a:115c:a1e0::fc3b:104c in zone Tailscale as source for IPv6
2026-08-19T08:14:57Z INF cloudflared does not support loading the system root certificate pool on Windows. Please use --origin-ca-pool <PATH> to specify the path to the certificate pool
2026-08-19T08:14:57Z INF ICMP proxy will use 192.168.216.163 as source for IPv4
2026-08-19T08:14:57Z INF Tunnel connection curve preferences: [X25519MLKEM768 CurveID(65074) CurveP256] connIndex=0 event=0 ip=198.41.192.27
2026-08-19T08:14:57Z INF ICMP proxy will use fd7a:115c:a1e0::fc3b:104c in zone Tailscale as source for IPv6
2026-08-19T08:14:57Z INF Starting metrics server on 127.0.0.1:20241/metrics
2026-08-19T08:14:57Z INF Registered tunnel connection connIndex=0 connection=d47c66c0-7801-4d3d-a2bc-bb8bc1d67384 event=0 ip=198.41.192.27 location=ams21 protocol=quic
2026-08-19T08:15:05Z INF +-------------------------------------------------------------------------------------+
2026-08-19T08:15:05Z INF |                               CONNECTIVITY PRE-CHECKS                               |
2026-08-19T08:15:05Z INF +-------------------------------------------------------------------------------------+
2026-08-19T08:15:05Z INF |  COMPONENT         TARGET                     STATUS  DETAILS                       |
2026-08-19T08:15:05Z INF |  DNS Resolution    region1.v2.argotunnel.com  PASS    DNS Resolved successfully     |
2026-08-19T08:15:05Z INF |  DNS Resolution    region2.v2.argotunnel.com  PASS    DNS Resolved successfully     |
2026-08-19T08:15:05Z INF |  UDP Connectivity  region1.v2.argotunnel.com  PASS    QUIC connection successful    |
2026-08-19T08:15:05Z INF |  UDP Connectivity  region2.v2.argotunnel.com  PASS    QUIC connection successful    |
2026-08-19T08:15:05Z INF |  TCP Connectivity  region1.v2.argotunnel.com  PASS    HTTP/2 connection successful  |
2026-08-19T08:15:05Z INF |  TCP Connectivity  region2.v2.argotunnel.com  PASS    HTTP/2 connection successful  |
2026-08-19T08:15:05Z INF |  Cloudflare API    api.cloudflare.com:443     PASS    API is reachable              |
2026-08-19T08:15:05Z INF |                                                                                     |
2026-08-19T08:15:05Z INF |  SUMMARY: Environment is healthy. cloudflared will use 'quic' as primary protocol.  |
2026-08-19T08:15:05Z INF +-------------------------------------------------------------------------------------+
2026-08-19T08:15:05Z INF precheck component="DNS Resolution" details="DNS Resolved successfully" run_id=d1066fe0-f502-4ae7-b169-727c01d91470 status=pass target=region1.v2.argotunnel.com
2026-08-19T08:15:05Z INF precheck component="DNS Resolution" details="DNS Resolved successfully" run_id=d1066fe0-f502-4ae7-b169-727c01d91470 status=pass target=region2.v2.argotunnel.com
2026-08-19T08:15:05Z INF precheck component="UDP Connectivity" details="QUIC connection successful" run_id=d1066fe0-f502-4ae7-b169-727c01d91470 status=pass target=region1.v2.argotunnel.com
2026-08-19T08:15:05Z INF precheck component="UDP Connectivity" details="QUIC connection successful" run_id=d1066fe0-f502-4ae7-b169-727c01d91470 status=pass target=region2.v2.argotunnel.com
2026-08-19T08:15:05Z INF precheck component="TCP Connectivity" details="HTTP/2 connection successful" run_id=d1066fe0-f502-4ae7-b169-727c01d91470 status=pass target=region1.v2.argotunnel.com
2026-08-19T08:15:05Z INF precheck component="TCP Connectivity" details="HTTP/2 connection successful" run_id=d1066fe0-f502-4ae7-b169-727c01d91470 status=pass target=region2.v2.argotunnel.com
2026-08-19T08:15:05Z INF precheck component="Cloudflare API" details="API is reachable" run_id=d1066fe0-f502-4ae7-b169-727c01d91470 status=pass target=api.cloudflare.com:443
2026-08-19T08:15:05Z INF precheck complete hard_fail=false run_id=d1066fe0-f502-4ae7-b169-727c01d91470 suggested_protocol=quic
2026-08-19T08:21:00Z INF Initiating graceful shutdown due to signal terminated ...
2026-08-19T08:21:00Z ERR failed to run the datagram handler error="context canceled" connIndex=0 event=0 ip=198.41.192.27
2026-08-19T08:21:00Z ERR failed to serve tunnel connection error="accept stream listener encountered a failure while serving" connIndex=0 event=0 ip=198.41.192.27
2026-08-19T08:21:00Z ERR Serve tunnel error error="accept stream listener encountered a failure while serving" connIndex=0 event=0 ip=198.41.192.27
2026-08-19T08:21:00Z INF Retrying connection in up to 1s connIndex=0 event=0 ip=198.41.192.27
2026-08-19T08:21:00Z ERR Connection terminated connIndex=0
2026-08-19T08:21:00Z ERR no more connections active and exiting
2026-08-19T08:21:00Z INF Tunnel server stopped
2026-08-19T08:21:00Z INF Metrics server stopped
